[12:58:15] reverse start
[13:00:00] reverse rc=0
[13:00:00] seed1 start
[13:07:54] seed1 rc=0
[13:07:54] seed2 start
[13:15:39] seed2 rc=0
[13:15:39] rescue_A start
[13:21:29] rescue_A rc=0
[13:21:29] rescue_W start
[13:28:27] rescue_W rc=0
[13:28:27] rescue_N start
[13:33:41] rescue_N rc=0
runs/r048_seed1 n = 10 residual = 0
  Camera Viewpoints      n=10 fail= 7 f0 T=0.21 I=0.63 S=0.00 IT=1.00 A=0.98 W=0.00 | anchor T=0.05 I=0.73 S=0.00 IT=1.00 A=0.80 W=0.01 | dom {'IT': 10}
wrote /dev/null
runs/r048_seed2 n = 10 residual = 0
  Camera Viewpoints      n=10 fail= 9 f0 T=0.22 I=0.67 S=0.00 IT=1.00 A=0.97 W=0.00 | anchor T=0.03 I=0.65 S=0.00 IT=1.00 A=0.83 W=0.00 | dom {'IT': 10}
wrote /dev/null
runs/r048_rescue_A n = 10 residual = 0
  Camera Viewpoints      n=10 fail= 4 f0 T=0.19 I=0.69 S=0.00 IT=1.00 A=0.98 W=0.00 | anchor T=0.05 I=0.65 S=0.00 IT=1.00 A=0.90 W=-0.01 | dom {'IT': 10}
wrote /dev/null
runs/r048_rescue_W n = 10 residual = 0
  Camera Viewpoints      n=10 fail= 6 f0 T=0.19 I=0.69 S=0.00 IT=1.00 A=0.98 W=0.00 | anchor T=0.06 I=0.66 S=0.00 IT=1.00 A=0.67 W=-0.04 | dom {'IT': 10}
wrote /dev/null
runs/r048_rescue_N n = 10 residual = 0
  Camera Viewpoints      n=10 fail= 2 f0 T=0.19 I=0.69 S=0.00 IT=1.00 A=0.97 W=0.00 | anchor T=0.08 I=0.51 S=0.00 IT=1.00 A=0.84 W=-0.01 | dom {'IT': 10}
wrote /dev/null
[13:33:42] DONE
