+ uv venv --python 3.12 .venvs/minerva-lplus
Using CPython 3.12.3 interpreter at: /usr/bin/python3.12
Creating virtual environment at: .venvs/minerva-lplus
Activate with: source .venvs/minerva-lplus/bin/activate
+ export UV_PYTHON=.venvs/minerva-lplus/bin/python
+ UV_PYTHON=.venvs/minerva-lplus/bin/python
+ uv pip install --python .venvs/minerva-lplus/bin/python --index-strategy unsafe-best-match --extra-index-url https://download.pytorch.org/whl/cu128 -e 'third_party/MINERVA[dataset,transformers-dep,scipy-dep]' -e third_party/LIBERO-plus robosuite==1.4.1 mujoco==3.3.2 gym==0.26.2 scikit-image==0.25.2 wand==0.6.13 bddl==1.0.1 easydict==1.13 'torchdiffeq>=0.2.4,<0.3.0'
Using Python 3.12.3 environment at: .venvs/minerva-lplus
Resolved 131 packages in 5.45s
   Building libero @ file:///home/imerit/Documents/Code/VLA/third_party/LIBERO-plus
   Building lerobot @ file:///home/imerit/Documents/Code/VLA/third_party/MINERVA
   Building evdev==2.0.0
Downloading cuda-bindings (7.2MiB)
      Built libero @ file:///home/imerit/Documents/Code/VLA/third_party/LIBERO-plus
 Downloaded cuda-bindings
  × Failed to build `evdev==2.0.0`
  ├─▶ The build backend returned an error
  ╰─▶ Call to `setuptools.build_meta.build_wheel` failed (exit status: 1)

      [stdout]
      running bdist_wheel
      running build
      running build_py
      creating build/lib.linux-x86_64-cpython-312/evdev
      copying src/evdev/eventio.py -> build/lib.linux-x86_64-cpython-312/evdev
      copying src/evdev/evtest.py -> build/lib.linux-x86_64-cpython-312/evdev
      copying src/evdev/uinput.py -> build/lib.linux-x86_64-cpython-312/evdev
      copying src/evdev/util.py -> build/lib.linux-x86_64-cpython-312/evdev
      copying src/evdev/device.py -> build/lib.linux-x86_64-cpython-312/evdev
      copying src/evdev/eventio_async.py ->
      build/lib.linux-x86_64-cpython-312/evdev
      copying src/evdev/events.py -> build/lib.linux-x86_64-cpython-312/evdev
      copying src/evdev/ecodes.py -> build/lib.linux-x86_64-cpython-312/evdev
      copying src/evdev/genecodes_c.py ->
      build/lib.linux-x86_64-cpython-312/evdev
      copying src/evdev/ff.py -> build/lib.linux-x86_64-cpython-312/evdev
      copying src/evdev/__init__.py -> build/lib.linux-x86_64-cpython-312/evdev
      copying src/evdev/genecodes_py.py ->
      build/lib.linux-x86_64-cpython-312/evdev
      copying src/evdev/ecodes_runtime.py ->
      build/lib.linux-x86_64-cpython-312/evdev
      running egg_info
      writing src/evdev.egg-info/PKG-INFO
      writing dependency_links to src/evdev.egg-info/dependency_links.txt
      writing top-level names to src/evdev.egg-info/top_level.txt
      reading manifest file 'src/evdev.egg-info/SOURCES.txt'
      reading manifest template 'MANIFEST.in'
      adding license file 'LICENSE'
      writing manifest file 'src/evdev.egg-info/SOURCES.txt'
      copying src/evdev/input.c -> build/lib.linux-x86_64-cpython-312/evdev
      copying src/evdev/py.typed -> build/lib.linux-x86_64-cpython-312/evdev
      copying src/evdev/uinput.c -> build/lib.linux-x86_64-cpython-312/evdev
      running build_ext
      running build_ecodes
      writing
      /home/imerit/.cache/uv/sdists-v9/pypi/evdev/2.0.0/Xc5UjqmAoNcBLHU3/src/src/evdev/ecodes.c
      (using /usr/include/linux/input.h /usr/include/linux/input-event-codes.h
      /usr/include/linux/uinput.h)
      building 'evdev._input' extension
      x86_64-linux-gnu-gcc -fno-strict-overflow -Wsign-compare -DNDEBUG -g
      -O2 -Wall -fPIC -I/home/imerit/.cache/uv/builds-v0/.tmp9eV82H/include
      -I/usr/include/python3.12 -c src/evdev/input.c -o
      build/temp.linux-x86_64-cpython-312/src/evdev/input.o -std=c99
      -Wno-error=declaration-after-statement

      [stderr]
      warning: no previously-included files found matching
      'src/evdev/ecodes.c'
      src/evdev/input.c:10:10: fatal error: Python.h: No such file or
      directory
         10 | #include <Python.h>
            |          ^~~~~~~~~~
      compilation terminated.
      error: Command '['x86_64-linux-gnu-gcc', '-fno-strict-overflow',
      '-Wsign-compare', '-DNDEBUG', '-g', '-O2', '-Wall', '-fPIC',
      '-I/home/imerit/.cache/uv/builds-v0/.tmp9eV82H/include',
      '-I/usr/include/python3.12', '-c', 'src/evdev/input.c', '-o',
      'build/temp.linux-x86_64-cpython-312/src/evdev/input.o', '-std=c99',
      '-Wno-error=declaration-after-statement']' returned non-zero exit status
      1.

hint: `evdev` (v2.0.0) was included because `robosuite` (v1.4.1) depends on `pynput` (v1.8.2) which depends on `evdev`
hint: This error likely indicates that you need to install a library that provides "Python.h" for `evdev@2.0.0`+ uv pip install --python .venvs/minerva-lplus/bin/python --index-strategy unsafe-best-match --extra-index-url https://download.pytorch.org/whl/cu128 -e 'third_party/MINERVA[dataset,transformers-dep,scipy-dep]' -e third_party/LIBERO-plus mujoco==3.3.2 gym==0.26.2 scikit-image==0.25.2 wand==0.6.13 bddl==1.0.1 easydict==1.13 'torchdiffeq>=0.2.4,<0.3.0'
Using Python 3.12.3 environment at: .venvs/minerva-lplus
Resolved 124 packages in 4.25s
   Building libero @ file:///home/imerit/Documents/Code/VLA/third_party/LIBERO-plus
   Building lerobot @ file:///home/imerit/Documents/Code/VLA/third_party/MINERVA
      Built libero @ file:///home/imerit/Documents/Code/VLA/third_party/LIBERO-plus
      Built lerobot @ file:///home/imerit/Documents/Code/VLA/third_party/MINERVA
Prepared 2 packages in 1.24s
Installed 124 packages in 531ms
 + absl-py==2.5.0
 + aiohappyeyeballs==2.7.1
 + aiohttp==3.14.3
 + aiosignal==1.4.0
 + annotated-doc==0.0.5
 + anyio==4.15.1
 + attrs==26.1.0
 + av==15.1.0
 + bddl==1.0.1
 + certifi==2026.7.22
 + charset-normalizer==3.5.1
 + click==8.5.0
 + cloudpickle==3.1.2
 + cmake==4.1.3
 + cuda-bindings==12.9.8
 + cuda-pathfinder==1.8.1
 + cuda-toolkit==12.8.1
 + datasets==4.8.5
 + dill==0.4.1
 + draccus==0.11.6
 + easydict==1.13
 + einops==0.8.2
 + etils==1.14.0
 + farama-notifications==0.0.6
 + fastjsonschema==2.22.2
 + filelock==4.0.0
 + frozenlist==1.8.0
 + fsspec==2026.2.0
 + glfw==2.10.2
 + gym==0.26.2
 + gym-notices==0.1.0
 + gymnasium==1.3.0
 + h11==0.16.0
 + hf-xet==1.6.0
 + httpcore==1.0.9
 + httpx==0.28.1
 + huggingface-hub==1.32.0
 + idna==3.20
 + imageio==2.37.4
 + iniconfig==2.3.0
 + jinja2==3.1.6
 + jsonlines==4.0.0
 + jsonschema==4.26.0
 + jsonschema-specifications==2025.9.1
 + jupyter-core==5.9.1
 + jupytext==1.19.5
 + lazy-loader==0.5
 + lerobot==0.6.1 (from file:///home/imerit/Documents/Code/VLA/third_party/MINERVA)
 + libero==0.1.0 (from file:///home/imerit/Documents/Code/VLA/third_party/LIBERO-plus)
 + markdown-it-py==4.2.0
 + markupsafe==3.0.3
 + mdit-py-plugins==0.6.1
 + mdurl==0.1.2
 + mergedeep==1.3.4
 + mpmath==1.3.0
 + mujoco==3.3.2
 + multidict==6.8.0
 + multiprocess==0.70.19
 + mypy-extensions==1.1.0
 + nbformat==5.11.1
 + networkx==3.6.1
 + numpy==2.2.6
 + nvidia-cublas-cu12==12.8.4.1
 + nvidia-cuda-cupti-cu12==12.8.90
 + nvidia-cuda-nvrtc-cu12==12.8.93
 + nvidia-cuda-runtime-cu12==12.8.90
 + nvidia-cudnn-cu12==9.19.0.56
 + nvidia-cufft-cu12==11.3.3.83
 + nvidia-cufile-cu12==1.13.1.3
 + nvidia-curand-cu12==10.3.9.90
 + nvidia-cusolver-cu12==11.7.3.90
 + nvidia-cusparse-cu12==12.5.8.93
 + nvidia-cusparselt-cu12==0.7.1
 + nvidia-nccl-cu12==2.28.9
 + nvidia-nvjitlink-cu12==12.8.93
 + nvidia-nvshmem-cu12==3.4.5
 + nvidia-nvtx-cu12==12.8.90
 + opencv-python-headless==4.13.0.92
 + packaging==25.0
 + pandas==2.3.3
 + pillow==12.3.0
 + platformdirs==4.11.9
 + pluggy==1.6.0
 + propcache==0.5.4
 + pyarrow==25.0.1
 + pygments==2.21.0
 + pyopengl==3.1.10
 + pytest==9.1.1
 + python-dateutil==2.9.0.post0
 + pytz==2026.3.post1
 + pyyaml==6.0.3
 + referencing==0.37.0
 + regex==2026.9.10
 + requests==2.34.2
 + rich==15.0.0
 + rpds-py==2026.6.3
 + safetensors==0.8.0
 + scikit-image==0.25.2
 + scipy==1.18.1
 + setuptools==81.0.0
 + shellingham==1.5.4
 + six==1.17.0
 + sympy==1.14.0
 + termcolor==3.3.0
 + tifffile==2026.9.15
 + tokenizers==0.22.2
 + toml==0.10.2
 + torch==2.11.0+cu128
 + torchcodec==0.11.1+cu128
 + torchdiffeq==0.2.5
 + torchvision==0.26.0+cu128
 + tqdm==4.70.1
 + traitlets==5.16.1
 + transformers==5.5.4
 + triton==3.6.0
 + typer==0.27.2
 + typing-extensions==4.16.0
 + typing-inspect==0.9.0
 + tzdata==2026.4
 + urllib3==2.8.0
 + wand==0.6.13
 + xxhash==4.0.1
 + yarl==1.25.1
 + zipp==4.1.0
+ uv pip install --python .venvs/minerva-lplus/bin/python --no-deps robosuite==1.4.1
Using Python 3.12.3 environment at: .venvs/minerva-lplus
Resolved 1 package in 3ms
Installed 1 package in 101ms
 + robosuite==1.4.1
+ uv pip install --python .venvs/minerva-lplus/bin/python --index-strategy unsafe-best-match numba opencv-python Pillow termcolor imageio h5py
Using Python 3.12.3 environment at: .venvs/minerva-lplus
Resolved 8 packages in 97ms
Installed 4 packages in 56ms
 + h5py==3.16.0
 + llvmlite==0.49.0
 + numba==0.67.0
 + opencv-python==5.0.0.93
