[03:00:49] provenance saved (HEAD 6f039dd3, patch 680 lines)
[03:00:49] === session start  ac=1 P8, 180 MHz, 4.86 W ===
[03:01:28] test camera_perturbation_test: PASS
[03:01:57] test init_state_pinning_test: PASS
[03:02:09] test phase_segmenter_test: PASS
[03:02:09] step 2 harness parity start  ac=1 P8, 180 MHz, 5.09 W
[03:14:54] step 2 done rc=0
[03:14:54] step 3 camera sweep start  ac=1 P4, 1620 MHz, 9.02 W
[03:35:57] step 3 done rc=0
[03:35:57] step 4 libero_spatial task0 start  ac=1 P4, 1620 MHz, 8.98 W
[03:37:44] step 4 libero_spatial task0 rc=0 success=100.0%
[03:37:44] step 4 libero_spatial task1 start  ac=1 P4, 1620 MHz, 9.07 W
[03:40:11] step 4 libero_spatial task1 rc=0 success=98.0%
[03:40:11] step 4 libero_spatial task2 start  ac=1 P4, 1620 MHz, 9.01 W
[03:42:16] step 4 libero_spatial task2 rc=0 success=100.0%
[03:42:16] step 4 libero_spatial task3 start  ac=1 P4, 1620 MHz, 9.03 W
[03:44:29] step 4 libero_spatial task3 rc=0 success=98.0%
[03:44:29] step 4 libero_spatial task4 start  ac=1 P4, 1620 MHz, 9.06 W
[03:47:32] step 4 libero_spatial task4 rc=0 success=96.0%
[03:47:32] step 4 libero_spatial task5 start  ac=1 P4, 1620 MHz, 9.03 W
[03:50:46] step 4 libero_spatial task5 rc=0 success=92.0%
[03:50:46] step 4 libero_spatial task6 start  ac=1 P4, 1620 MHz, 8.98 W
[03:53:14] step 4 libero_spatial task6 rc=0 success=98.0%
[03:53:14] step 4 libero_spatial task7 start  ac=1 P4, 1620 MHz, 9.09 W
[03:55:59] step 4 libero_spatial task7 rc=0 success=98.0%
[03:55:59] step 4 libero_spatial task8 start  ac=1 P4, 1620 MHz, 9.11 W
[03:58:32] step 4 libero_spatial task8 rc=0 success=96.0%
[03:58:33] step 4 libero_spatial task9 start  ac=1 P4, 1620 MHz, 9.12 W
[04:02:01] step 4 libero_spatial task9 rc=0 success=90.0%
[04:02:01] step 4 libero_object task0 start  ac=1 P4, 1620 MHz, 9.00 W
[04:04:34] step 4 libero_object task0 rc=0 success=100.0%
[04:04:34] step 4 libero_object task1 start  ac=1 P4, 1620 MHz, 9.02 W
[04:06:52] step 4 libero_object task1 rc=0 success=100.0%
[04:06:52] step 4 libero_object task2 start  ac=1 P4, 1620 MHz, 9.02 W
[04:09:05] step 4 libero_object task2 rc=0 success=100.0%
[04:09:05] step 4 libero_object task3 start  ac=1 P4, 1620 MHz, 9.08 W
[04:11:26] step 4 libero_object task3 rc=0 success=100.0%
[04:11:26] step 4 libero_object task4 start  ac=1 P4, 1620 MHz, 9.03 W
[04:13:55] step 4 libero_object task4 rc=0 success=100.0%
[04:13:55] step 4 libero_object task5 start  ac=1 P4, 1620 MHz, 9.00 W
[04:16:12] step 4 libero_object task5 rc=0 success=100.0%
[04:16:12] step 4 libero_object task6 start  ac=1 P4, 1620 MHz, 9.04 W
[04:18:46] step 4 libero_object task6 rc=0 success=100.0%
[04:18:46] step 4 libero_object task7 start  ac=1 P4, 1620 MHz, 9.10 W
[04:21:32] step 4 libero_object task7 rc=0 success=96.0%
[04:21:32] step 4 libero_object task8 start  ac=1 P4, 1620 MHz, 9.09 W
[04:24:08] step 4 libero_object task8 rc=0 success=100.0%
[04:24:08] step 4 libero_object task9 start  ac=1 P4, 1620 MHz, 9.09 W
[04:26:22] step 4 libero_object task9 rc=0 success=100.0%
[04:26:22] step 4 libero_goal task0 start  ac=1 P4, 1620 MHz, 9.10 W
[04:28:40] step 4 libero_goal task0 rc=0 success=100.0%
[04:28:40] step 4 libero_goal task1 start  ac=1 P4, 1620 MHz, 9.09 W
[04:30:33] step 4 libero_goal task1 rc=0 success=100.0%
[04:30:33] step 4 libero_goal task2 start  ac=1 P4, 1620 MHz, 9.14 W
[04:33:13] step 4 libero_goal task2 rc=0 success=92.0%
[04:33:13] step 4 libero_goal task3 start  ac=1 P4, 1620 MHz, 9.02 W
[04:37:05] step 4 libero_goal task3 rc=0 success=92.0%
[04:37:05] step 4 libero_goal task4 start  ac=1 P4, 1620 MHz, 8.92 W
[04:39:10] step 4 libero_goal task4 rc=0 success=98.0%
[04:39:10] step 4 libero_goal task5 start  ac=1 P4, 1620 MHz, 9.08 W
[04:41:36] step 4 libero_goal task5 rc=0 success=100.0%
[04:41:36] step 4 libero_goal task6 start  ac=1 P4, 1620 MHz, 9.02 W
[04:44:42] step 4 libero_goal task6 rc=0 success=98.0%
[04:44:42] step 4 libero_goal task7 start  ac=1 P4, 1620 MHz, 8.97 W
[04:46:20] step 4 libero_goal task7 rc=0 success=100.0%
[04:46:20] step 4 libero_goal task8 start  ac=1 P4, 1620 MHz, 9.04 W
[04:48:32] step 4 libero_goal task8 rc=0 success=94.0%
[04:48:32] step 4 libero_goal task9 start  ac=1 P4, 1620 MHz, 9.07 W
[04:51:12] step 4 libero_goal task9 rc=0 success=100.0%
[04:51:12] step 4 libero_10 task0 start  ac=1 P4, 1620 MHz, 9.01 W
[04:57:27] step 4 libero_10 task0 rc=0 success=82.0%
[04:57:27] step 4 libero_10 task1 start  ac=1 P4, 1620 MHz, 8.87 W
[05:03:17] step 4 libero_10 task1 rc=0 success=88.0%
[05:03:17] step 4 libero_10 task2 start  ac=1 P4, 1620 MHz, 8.91 W
[05:08:54] step 4 libero_10 task2 rc=0 success=86.0%
[05:08:55] step 4 libero_10 task3 start  ac=1 P4, 1620 MHz, 8.83 W
[05:13:39] step 4 libero_10 task3 rc=0 success=94.0%
[05:13:39] step 4 libero_10 task4 start  ac=1 P4, 1620 MHz, 8.87 W
[05:20:32] step 4 libero_10 task4 rc=0 success=78.0%
[05:20:32] step 4 libero_10 task5 start  ac=1 P4, 1620 MHz, 8.91 W
[05:23:28] step 4 libero_10 task5 rc=0 success=100.0%
[05:23:28] step 4 libero_10 task6 start  ac=1 P4, 1620 MHz, 8.96 W
[05:30:32] step 4 libero_10 task6 rc=0 success=57.99999999999999%
[05:30:32] step 4 libero_10 task7 start  ac=1 P4, 1620 MHz, 8.92 W
[05:35:14] step 4 libero_10 task7 rc=0 success=96.0%
[05:35:14] step 4 libero_10 task8 start  ac=1 P4, 1620 MHz, 8.99 W
[05:41:11] step 4 libero_10 task8 rc=0 success=100.0%
[05:41:11] step 4 libero_10 task9 start  ac=1 P4, 1620 MHz, 8.92 W
[05:46:20] step 4 libero_10 task9 rc=0 success=96.0%
[05:46:20] === queue complete ===
[05:46:24] === follow-on queue start  ac=1 P8, 180 MHz, 5.28 W ===
[05:46:24] step 5 SmolVLA harness parity start  ac=1 P8, 180 MHz, 5.28 W
[05:59:43] step 5 done rc=0
[05:59:43] step 6 goal suite (mj332) start  ac=1 P4, 1620 MHz, 9.33 W
[07:33:00] step 6 done rc=0
[07:33:00] === follow-on queue complete ===
