[15:34:10] reverse_noise start
[15:36:07] reverse_noise rc=0
wrote docs/PERTURBATION_MAP.html 329549 bytes
[15:36:07] reverse_light start
[15:37:56] reverse_light rc=0
wrote docs/PERTURBATION_MAP.html 332049 bytes
[15:37:56] reverse_layout start
[15:40:45] reverse_layout rc=0
wrote docs/PERTURBATION_MAP.html 334680 bytes
[15:40:46] reverse_texture start
[15:43:09] reverse_texture rc=0
wrote docs/PERTURBATION_MAP.html 337270 bytes
[15:43:09] seed1_noise start
[15:50:38] seed1_noise rc=0
wrote docs/PERTURBATION_MAP.html 337385 bytes
[15:50:38] seed1_light start
[15:57:04] seed1_light rc=0
wrote docs/PERTURBATION_MAP.html 337500 bytes
[15:57:05] seed1_layout start
[16:04:47] seed1_layout rc=0
wrote docs/PERTURBATION_MAP.html 337616 bytes
[16:04:48] seed1_texture start
[16:10:06] seed1_texture rc=0
wrote docs/PERTURBATION_MAP.html 337732 bytes
[16:10:08] seed1_lang start
[16:16:00] seed1_lang rc=0
wrote docs/PERTURBATION_MAP.html 339551 bytes
[16:16:01] seed2_noise start
[16:23:04] seed2_noise rc=0
wrote docs/PERTURBATION_MAP.html 339756 bytes
[16:23:07] seed2_light start
[16:28:59] seed2_light rc=0
wrote docs/PERTURBATION_MAP.html 339961 bytes
[16:29:01] seed2_layout start
[16:38:18] seed2_layout rc=0
wrote docs/PERTURBATION_MAP.html 340167 bytes
[16:38:21] seed2_texture start
[16:44:43] seed2_texture rc=0
wrote docs/PERTURBATION_MAP.html 340373 bytes
[16:44:46] seed2_lang start
[16:51:43] seed2_lang rc=0
wrote docs/PERTURBATION_MAP.html 340421 bytes
[16:51:46] rescue_layout_P start
[17:01:27] rescue_layout_P rc=0
wrote docs/PERTURBATION_MAP.html 342933 bytes
[17:01:30] rescue_layout_A start
[17:11:16] rescue_layout_A rc=0
wrote docs/PERTURBATION_MAP.html 343677 bytes
[17:11:19] rescue_layout_N start
[17:21:21] rescue_layout_N rc=0
wrote docs/PERTURBATION_MAP.html 344422 bytes
wrote docs/PERTURBATION_MAP.html 344422 bytes
[17:21:28] DONE
[17:21:28] R-047 start
